// Vitest Snapshot v1

exports[`dashboard renders on load 1`] = `
<DocumentFragment>
  <div
    class="col-auto lg:max-w-xs h-48 sm:min-w-full md:min-w-full"
  >
    <form
      class="bg-gray-300 shadow-md rounded px-8 pt-6 pb-6 m-6"
    >
      <div
        class="mb-4"
      >
        <label
          class="block text-gray-700 text-sm font-bold mb-2"
          for="location"
        >
          Search a Location
          <input
            class="shadow appearance-none border rounded w-full py-2 px-3 text-gray-700 leading-tight focus:outline-none focus:shadow-outline"
            id="location"
            name="location"
            placeholder="Location"
          />
        </label>
      </div>
      <button
        class="inline-flex justify-center rounded-md border border-transparent bg-indigo-600 py-2 px-4 text-sm font-medium text-white shadow-sm hover:bg-indigo-700 focus:outline-none focus:ring-2 focus:ring-indigo-500 focus:ring-offset-2"
      >
        Submit
      </button>
    </form>
  </div>
</DocumentFragment>
`;
